Шлюзов: 3, вместимость: 5, судов: 10, стратегия: 0, макс. ожидание: 15
участок 0: уровень 6
участок 1: уровень 4
участок 2: уровень 2
участок 3: уровень 0
[t=   3] судно 1 (размер 5, назад) прибыло на участок 3
[t=   3] судно 1 встало в очередь к камере 2
[t=   3] камера 2: направление работы -> назад
[t=   3] камера 2: подготовка: уровень воды меняется под сторону входа
[t=   5] судно 2 (размер 3, вперёд) прибыло на участок 0
[t=   5] судно 2 встало в очередь к камере 0
[t=   5] камера 0: направление работы -> вперёд
[t=   7] камера 0: открыты ворота нижние
[t=   7] камера 2: уровень воды изменён до 0
[t=   8] судно 3 (размер 5, вперёд, приоритетное) прибыло на участок 0
[t=   8] судно 3 встало в очередь к камере 0
[t=   8] судно 4 (размер 3, назад) прибыло на участок 3
[t=   8] судно 4 встало в очередь к камере 2
[t=   8] судно 3 (размер 5, приоритетное) вошло в камеру 0, занято 5/5
[t=   9] камера 2: открыты ворота верхние
[t=  10] судно 1 (размер 5) вошло в камеру 2, занято 5/5
[t=  11] судно 5 (размер 5, вперёд) прибыло на участок 0
[t=  11] судно 5 встало в очередь к камере 0
[t=  11] камера 0: ворота входа закрыты
[t=  13] камера 2: ворота входа закрыты
[t=  14] судно 6 (размер 5, назад) прибыло на участок 3
[t=  14] судно 6 встало в очередь к камере 2
[t=  14] судно 7 (размер 4, назад) прибыло на участок 3
[t=  14] судно 7 встало в очередь к камере 2
[t=  14] судно 8 (размер 1, назад) прибыло на участок 3
[t=  14] судно 8 встало в очередь к камере 2
[t=  14] судно 9 (размер 3, вперёд) прибыло на участок 0
[t=  14] судно 9 встало в очередь к камере 0
[t=  15] камера 0: уровень воды изменён до 4
[t=  17] судно 10 (размер 5, назад) прибыло на участок 3
[t=  17] судно 10 встало в очередь к камере 2
[t=  17] камера 0: открыты ворота выхода
[t=  17] камера 2: уровень воды изменён до 2
[t=  18] судно 3 вышло из камеры 0 на участок 1 (уровень 4)
[t=  18] судно 3 встало в очередь к камере 1
[t=  18] камера 1: направление работы -> вперёд
[t=  19] камера 2: открыты ворота выхода
[t=  20] камера 1: открыты ворота нижние
[t=  20] судно 1 вышло из камеры 2 на участок 2 (уровень 2)
[t=  20] судно 1 встало в очередь к камере 1
[t=  21] камера 0: ворота выхода закрыты
[t=  21] судно 3 (размер 5, приоритетное) вошло в камеру 1, занято 5/5
[t=  22] камера 0: подготовка: уровень воды меняется под сторону входа
[t=  23] камера 2: ворота выхода закрыты
[t=  24] камера 1: ворота входа закрыты
[t=  24] камера 2: подготовка: уровень воды меняется под сторону входа
[t=  26] камера 0: уровень воды изменён до 6
[t=  28] камера 0: открыты ворота нижние
[t=  28] камера 1: уровень воды изменён до 2
[t=  28] камера 2: уровень воды изменён до 0
[t=  29] судно 2 (размер 3) вошло в камеру 0, занято 3/5
[t=  30] камера 1: открыты ворота выхода
[t=  30] камера 2: открыты ворота верхние
[t=  31] судно 3 вышло из камеры 1 на участок 2 (уровень 2)
[t=  31] судно 3 встало в очередь к камере 2
[t=  31] судно 4 (размер 3) вошло в камеру 2, занято 3/5
[t=  32] камера 0: ворота входа закрыты
[t=  32] судно 8 (размер 1) вошло в камеру 2, занято 4/5
[t=  34] камера 1: ворота выхода закрыты
[t=  35] камера 1: направление работы -> назад
[t=  35] камера 2: ворота входа закрыты
[t=  36] камера 0: уровень воды изменён до 4
[t=  37] камера 1: открыты ворота верхние
[t=  38] камера 0: открыты ворота выхода
[t=  38] судно 1 (размер 5) вошло в камеру 1, занято 5/5
[t=  39] судно 2 вышло из камеры 0 на участок 1 (уровень 4)
[t=  39] судно 2 встало в очередь к камере 1
[t=  39] камера 2: уровень воды изменён до 2
[t=  41] камера 1: ворота входа закрыты
[t=  41] камера 2: открыты ворота выхода
[t=  42] камера 0: ворота выхода закрыты
[t=  42] судно 4 вышло из камеры 2 на участок 2 (уровень 2)
[t=  42] судно 4 встало в очередь к камере 1
[t=  43] камера 0: подготовка: уровень воды меняется под сторону входа
[t=  43] судно 8 вышло из камеры 2 на участок 2 (уровень 2)
[t=  43] судно 8 встало в очередь к камере 1
[t=  45] камера 1: уровень воды изменён до 4
[t=  46] камера 2: ворота выхода закрыты
[t=  47] камера 0: уровень воды изменён до 6
[t=  47] камера 1: открыты ворота выхода
[t=  47] камера 2: подготовка: уровень воды меняется под сторону входа
[t=  48] судно 1 вышло из камеры 1 на участок 1 (уровень 4)
[t=  48] судно 1 встало в очередь к камере 0
[t=  49] камера 0: открыты ворота нижние
[t=  50] судно 5 (размер 5) вошло в камеру 0, занято 5/5
[t=  51] камера 1: ворота выхода закрыты
[t=  51] камера 2: уровень воды изменён до 0
[t=  52] камера 1: направление работы -> вперёд
[t=  53] камера 0: ворота входа закрыты
[t=  53] камера 2: открыты ворота верхние
[t=  54] камера 1: открыты ворота нижние
[t=  54] судно 6 (размер 5) вошло в камеру 2, занято 5/5
[t=  55] судно 2 (размер 3) вошло в камеру 1, занято 3/5
[t=  57] камера 0: уровень воды изменён до 4
[t=  57] камера 2: ворота входа закрыты
[t=  58] камера 1: ворота входа закрыты
[t=  59] камера 0: открыты ворота выхода
[t=  60] судно 5 вышло из камеры 0 на участок 1 (уровень 4)
[t=  60] судно 5 встало в очередь к камере 1
[t=  61] камера 2: уровень воды изменён до 2
[t=  62] камера 1: уровень воды изменён до 2
[t=  63] камера 0: ворота выхода закрыты
[t=  63] камера 2: открыты ворота выхода
[t=  64] камера 0: подготовка: уровень воды меняется под сторону входа
[t=  64] камера 1: открыты ворота выхода
[t=  64] судно 6 вышло из камеры 2 на участок 2 (уровень 2)
[t=  64] судно 6 встало в очередь к камере 1
[t=  65] судно 2 вышло из камеры 1 на участок 2 (уровень 2)
[t=  65] судно 2 встало в очередь к камере 2
[t=  67] камера 2: ворота выхода закрыты
[t=  68] камера 0: уровень воды изменён до 6
[t=  68] камера 1: ворота выхода закрыты
[t=  68] камера 2: подготовка: уровень воды меняется под сторону входа
[t=  69] камера 1: направление работы -> назад
[t=  70] камера 0: открыты ворота нижние
[t=  71] судно 9 (размер 3) вошло в камеру 0, занято 3/5
[t=  71] камера 1: открыты ворота верхние
[t=  72] судно 4 (размер 3) вошло в камеру 1, занято 3/5
[t=  72] камера 2: уровень воды изменён до 0
[t=  73] судно 8 (размер 1) вошло в камеру 1, занято 4/5
[t=  74] камера 0: ворота входа закрыты
[t=  74] камера 2: открыты ворота верхние
[t=  75] судно 7 (размер 4) вошло в камеру 2, занято 4/5
[t=  76] камера 1: ворота входа закрыты
[t=  78] камера 0: уровень воды изменён до 4
[t=  78] камера 2: ворота входа закрыты
[t=  80] камера 0: открыты ворота выхода
[t=  80] камера 1: уровень воды изменён до 4
[t=  81] судно 9 вышло из камеры 0 на участок 1 (уровень 4)
[t=  81] судно 9 встало в очередь к камере 1
[t=  82] камера 1: открыты ворота выхода
[t=  82] камера 2: уровень воды изменён до 2
[t=  83] судно 4 вышло из камеры 1 на участок 1 (уровень 4)
[t=  83] судно 4 встало в очередь к камере 0
[t=  84] камера 0: ворота выхода закрыты
[t=  84] судно 8 вышло из камеры 1 на участок 1 (уровень 4)
[t=  84] судно 8 встало в очередь к камере 0
[t=  84] камера 2: открыты ворота выхода
[t=  85] камера 0: направление работы -> назад
[t=  85] судно 7 вышло из камеры 2 на участок 2 (уровень 2)
[t=  85] судно 7 встало в очередь к камере 1
[t=  87] камера 0: открыты ворота верхние
[t=  87] камера 1: ворота выхода закрыты
[t=  88] судно 1 (размер 5) вошло в камеру 0, занято 5/5
[t=  88] камера 1: направление работы -> вперёд
[t=  88] камера 2: ворота выхода закрыты
[t=  89] камера 2: подготовка: уровень воды меняется под сторону входа
[t=  90] камера 1: открыты ворота нижние
[t=  91] камера 0: ворота входа закрыты
[t=  91] судно 5 (размер 5) вошло в камеру 1, занято 5/5
[t=  93] камера 2: уровень воды изменён до 0
[t=  94] камера 1: ворота входа закрыты
[t=  95] камера 0: уровень воды изменён до 6
[t=  95] камера 2: открыты ворота верхние
[t=  96] судно 10 (размер 5) вошло в камеру 2, занято 5/5
[t=  97] камера 0: открыты ворота выхода
[t=  98] судно 1 вышло из камеры 0 на участок 0 (уровень 6)
[t=  98] судно 1 прошло всю систему
[t=  98] камера 1: уровень воды изменён до 2
[t=  99] камера 2: ворота входа закрыты
[t= 100] камера 1: открыты ворота выхода
[t= 101] камера 0: ворота выхода закрыты
[t= 101] судно 5 вышло из камеры 1 на участок 2 (уровень 2)
[t= 101] судно 5 встало в очередь к камере 2
[t= 102] камера 0: подготовка: уровень воды меняется под сторону входа
[t= 103] камера 2: уровень воды изменён до 2
[t= 104] камера 1: ворота выхода закрыты
[t= 105] камера 1: направление работы -> назад
[t= 105] камера 2: открыты ворота выхода
[t= 106] камера 0: уровень воды изменён до 4
[t= 106] судно 10 вышло из камеры 2 на участок 2 (уровень 2)
[t= 106] судно 10 встало в очередь к камере 1
[t= 107] камера 1: открыты ворота верхние
[t= 108] камера 0: открыты ворота верхние
[t= 108] судно 6 (размер 5) вошло в камеру 1, занято 5/5
[t= 109] судно 4 (размер 3) вошло в камеру 0, занято 3/5
[t= 109] камера 2: ворота выхода закрыты
[t= 110] судно 8 (размер 1) вошло в камеру 0, занято 4/5
[t= 110] камера 2: направление работы -> вперёд
[t= 111] камера 1: ворота входа закрыты
[t= 112] камера 2: открыты ворота нижние
[t= 113] камера 0: ворота входа закрыты
[t= 113] судно 3 (размер 5, приоритетное) вошло в камеру 2, занято 5/5
[t= 115] камера 1: уровень воды изменён до 4
[t= 116] камера 2: ворота входа закрыты
[t= 117] камера 0: уровень воды изменён до 6
[t= 117] камера 1: открыты ворота выхода
[t= 118] судно 6 вышло из камеры 1 на участок 1 (уровень 4)
[t= 118] судно 6 встало в очередь к камере 0
[t= 119] камера 0: открыты ворота выхода
[t= 120] судно 4 вышло из камеры 0 на участок 0 (уровень 6)
[t= 120] судно 4 прошло всю систему
[t= 120] камера 2: уровень воды изменён до 0
[t= 121] судно 8 вышло из камеры 0 на участок 0 (уровень 6)
[t= 121] судно 8 прошло всю систему
[t= 121] камера 1: ворота выхода закрыты
[t= 122] камера 1: направление работы -> вперёд
[t= 122] камера 2: открыты ворота выхода
[t= 123] судно 3 вышло из камеры 2 на участок 3 (уровень 0)
[t= 123] судно 3 прошло всю систему
[t= 124] камера 0: ворота выхода закрыты
[t= 124] камера 1: открыты ворота нижние
[t= 125] камера 0: подготовка: уровень воды меняется под сторону входа
[t= 125] судно 9 (размер 3) вошло в камеру 1, занято 3/5
[t= 126] камера 2: ворота выхода закрыты
[t= 127] камера 2: подготовка: уровень воды меняется под сторону входа
[t= 128] камера 1: ворота входа закрыты
[t= 129] камера 0: уровень воды изменён до 4
[t= 131] камера 0: открыты ворота верхние
[t= 131] камера 2: уровень воды изменён до 2
[t= 132] судно 6 (размер 5) вошло в камеру 0, занято 5/5
[t= 132] камера 1: уровень воды изменён до 2
[t= 133] камера 2: открыты ворота нижние
[t= 134] камера 1: открыты ворота выхода
[t= 134] судно 2 (размер 3) вошло в камеру 2, занято 3/5
[t= 135] камера 0: ворота входа закрыты
[t= 135] судно 9 вышло из камеры 1 на участок 2 (уровень 2)
[t= 135] судно 9 встало в очередь к камере 2
[t= 137] камера 2: ворота входа закрыты
[t= 138] камера 1: ворота выхода закрыты
[t= 139] камера 0: уровень воды изменён до 6
[t= 139] камера 1: направление работы -> назад
[t= 141] камера 0: открыты ворота выхода
[t= 141] камера 1: открыты ворота верхние
[t= 141] камера 2: уровень воды изменён до 0
[t= 142] судно 6 вышло из камеры 0 на участок 0 (уровень 6)
[t= 142] судно 6 прошло всю систему
[t= 142] судно 7 (размер 4) вошло в камеру 1, занято 4/5
[t= 143] камера 2: открыты ворота выхода
[t= 144] судно 2 вышло из камеры 2 на участок 3 (уровень 0)
[t= 144] судно 2 прошло всю систему
[t= 145] камера 0: ворота выхода закрыты
[t= 145] камера 1: ворота входа закрыты
[t= 147] камера 2: ворота выхода закрыты
[t= 148] камера 2: подготовка: уровень воды меняется под сторону входа
[t= 149] камера 1: уровень воды изменён до 4
[t= 151] камера 1: открыты ворота выхода
[t= 152] судно 7 вышло из камеры 1 на участок 1 (уровень 4)
[t= 152] судно 7 встало в очередь к камере 0
[t= 152] камера 2: уровень воды изменён до 2
[t= 153] камера 0: подготовка: уровень воды меняется под сторону входа
[t= 154] камера 2: открыты ворота нижние
[t= 155] камера 1: ворота выхода закрыты
[t= 155] судно 5 (размер 5) вошло в камеру 2, занято 5/5
[t= 156] камера 1: подготовка: уровень воды меняется под сторону входа
[t= 157] камера 0: уровень воды изменён до 4
[t= 158] камера 2: ворота входа закрыты
[t= 159] камера 0: открыты ворота верхние
[t= 160] судно 7 (размер 4) вошло в камеру 0, занято 4/5
[t= 160] камера 1: уровень воды изменён до 2
[t= 162] камера 1: открыты ворота верхние
[t= 162] камера 2: уровень воды изменён до 0
[t= 163] камера 0: ворота входа закрыты
[t= 163] судно 10 (размер 5) вошло в камеру 1, занято 5/5
[t= 164] камера 2: открыты ворота выхода
[t= 165] судно 5 вышло из камеры 2 на участок 3 (уровень 0)
[t= 165] судно 5 прошло всю систему
[t= 166] камера 1: ворота входа закрыты
[t= 167] камера 0: уровень воды изменён до 6
[t= 168] камера 2: ворота выхода закрыты
[t= 169] камера 0: открыты ворота выхода
[t= 169] камера 2: подготовка: уровень воды меняется под сторону входа
[t= 170] судно 7 вышло из камеры 0 на участок 0 (уровень 6)
[t= 170] судно 7 прошло всю систему
[t= 170] камера 1: уровень воды изменён до 4
[t= 172] камера 1: открыты ворота выхода
[t= 173] камера 0: ворота выхода закрыты
[t= 173] судно 10 вышло из камеры 1 на участок 1 (уровень 4)
[t= 173] судно 10 встало в очередь к камере 0
[t= 173] камера 2: уровень воды изменён до 2
[t= 174] камера 0: подготовка: уровень воды меняется под сторону входа
[t= 175] камера 2: открыты ворота нижние
[t= 176] камера 1: ворота выхода закрыты
[t= 176] судно 9 (размер 3) вошло в камеру 2, занято 3/5
[t= 178] камера 0: уровень воды изменён до 4
[t= 179] камера 2: ворота входа закрыты
[t= 180] камера 0: открыты ворота верхние
[t= 181] судно 10 (размер 5) вошло в камеру 0, занято 5/5
[t= 183] камера 2: уровень воды изменён до 0
[t= 184] камера 0: ворота входа закрыты
[t= 185] камера 2: открыты ворота выхода
[t= 186] судно 9 вышло из камеры 2 на участок 3 (уровень 0)
[t= 186] судно 9 прошло всю систему
[t= 188] камера 0: уровень воды изменён до 6
[t= 189] камера 2: ворота выхода закрыты
[t= 190] камера 0: открыты ворота выхода
[t= 191] судно 10 вышло из камеры 0 на участок 0 (уровень 6)
[t= 191] судно 10 прошло всю систему
Все 10 судов прошли систему за 192
Статистика: время 192, прошло 10 из 10, групп 27, смен уровня 43, среднее ожидание 34, максимальное 82
